
[1/19] AAXN (elapsed 0.0s, eta 0.0s)

[2/19] ACI (elapsed 0.4s, eta 3.7s)
   permaTicker=US000000008463 ticker=ACI name='Arch Coal Inc' isActive=False price_unavailable=False openfigi=None
     interval: {'added': '2012-01-01', 'removed': '2013-12-20'}
   permaTicker=US000000088254 ticker=ACI name='Albertsons Companies Inc - Class A' isActive=True price_unavailable=False openfigi=BBG009KG1750
     interval: {'added': '2025-03-11', 'removed': None}

[3/19] ADS (elapsed 3.1s, eta 16.3s)

[4/19] APY (elapsed 3.5s, eta 12.9s)

[5/19] BTSG (elapsed 3.8s, eta 10.7s)
   permaTicker=US000000101442 ticker=BTSG name='BrightSpring Health Services Inc' isActive=True price_unavailable=False openfigi=None
     interval: {'added': '2026-07-17', 'removed': None}

[6/19] ERI (elapsed 4.5s, eta 9.8s)

[7/19] ESV (elapsed 4.9s, eta 8.4s)

[8/19] FII (elapsed 5.3s, eta 7.3s)

[9/19] GPS (elapsed 5.7s, eta 6.3s)

[10/19] HFC (elapsed 6.1s, eta 5.5s)

[11/19] HTA (elapsed 6.4s, eta 4.7s)

[12/19] IESC (elapsed 6.8s, eta 4.0s)
   permaTicker=US000000001976 ticker=IESC name='IES Holdings Inc' isActive=True price_unavailable=False openfigi=BBG000PHV438
     interval: {'added': '2026-07-01', 'removed': None}

[13/19] JCOM (elapsed 7.5s, eta 3.5s)

[14/19] KRYS (elapsed 7.9s, eta 2.8s)
   permaTicker=US000000058809 ticker=KRYS name='Krystal Biotech Inc' isActive=True price_unavailable=False openfigi=BBG00HDGRHH7
     interval: {'added': '2026-07-24', 'removed': None}

[15/19] MOH (elapsed 8.7s, eta 2.3s)
   permaTicker=US000000001063 ticker=MOH name='Molina Healthcare Inc' isActive=True price_unavailable=False openfigi=BBG000MBHNC8
     interval: {'added': '2012-01-01', 'removed': '2022-03-02'}
     interval: {'added': '2026-07-22', 'removed': None}

[16/19] POL (elapsed 9.7s, eta 1.8s)

[17/19] TLN (elapsed 10.0s, eta 1.2s)
   permaTicker=US000000009715 ticker=TLN name='Talen Energy Corp' isActive=False price_unavailable=False openfigi=None
     interval: {'added': '2015-06-01', 'removed': '2016-12-06'}
   permaTicker=US000000110653 ticker=TLN name='Talen Energy Corp New' isActive=True price_unavailable=False openfigi=BBG01GWQVVD3
     interval: {'added': '2025-08-28', 'removed': None}

[18/19] WYND (elapsed 12.7s, eta 0.7s)

[19/19] ZI (elapsed 13.1s, eta 0.0s)
